// Jest Snapshot v1, https://goo.gl/fbAQLP

exports[`Image component renders correctly 1`] = `
<div>
  <LazyLoad
    height={200}
    offset={100}
    once={true}
    overflow={false}
    resize={false}
    scroll={true}
    unmountIfInvisible={false}
  >
    <Img
      alt="al text"
      className="bw-img"
      decode={true}
      loader={<Unknown />}
      src={
        Array [
          "logo.png",
          "http://via.placeholder.com/350x350",
        ]
      }
      unloader={false}
    />
  </LazyLoad>
</div>
`;
